// Jest Snapshot v1, https://goo.gl/fbAQLP

exports[`Test redux reducer \`_finishPreparing\` finishes preparing 1`] = `
Object {
  "clientAreaSize": Object {
    "height": 720,
    "width": 1280,
  },
  "prepared": true,
}
`;

exports[`Test redux reducer \`updateClientAreaSize\` updates client area size 1`] = `
Object {
  "clientAreaSize": Object {
    "height": 123,
    "width": 456,
  },
  "prepared": false,
}
`;
