// Jest Snapshot v1, https://jestjs.io/docs/snapshot-testing

exports[`Test fn getAppDetails should return app details 1`] = `
{
  "module": {
    "chrome": "<chrome-version>",
    "electron": "<electron-version>",
    "node": "<node-version>",
    "v8": "<v8-version>",
  },
  "name": "template-electron-react",
  "version": "<app-version>",
}
`;
